// Jest Snapshot v1, https://goo.gl/fbAQLP

exports[`it should render with sorts: default 1`] = `
<Unknown
  hotel={
    Object {
      "adults": 2,
      "children": 0,
      "date": 2019-07-03T00:00:00.000Z,
      "image": "hotel-image-1.png",
      "infants": 1,
      "info": "blah blah blah blah blah blah blah blah blah blah blah blah blah blah blah blah blah blah blah",
      "name": "Iberostar Grand Salome",
      "price": "£3,136.50",
      "region": "Costa Adeje, Tenerife",
      "stars": 4,
    }
  }
/>
`;
