// Jest Snapshot v1, https://goo.gl/fbAQLP

exports[`App it should render: default 1`] = `
<div
  class="gridContainer_eg8q4b"
>
  <aside>
    <div
      class="buttonContainer_15ic8la"
    >
      <button
        class="button_uw9t0c-o_O-isActive_1a0itbg-o_O-firstButton_4ebdec"
      >
        Sort 
        <strong>
          alphabetically
        </strong>
         
        <i
          class="float-right fas fa-sort-alpha-down"
        />
      </button>
      <button
        class="button_uw9t0c"
      >
        Sort 
        <strong>
          by price
        </strong>
         
        <i
          class="float-right fas fa-pound-sign"
        />
      </button>
      <button
        class="button_uw9t0c"
      >
        Sort 
        <strong>
          by star rating
        </strong>
         
        <i
          class="float-right fas fa-star"
        />
      </button>
    </div>
  </aside>
  <article>
    <section>
      <div
        class="card_pmicl5"
      >
        <img
          alt="Image of the hotel"
          class="img_bm229d"
          src="http://localhost:9999/hotel-image-1.png"
        />
        <div
          class="contentContainer_1ydb5eu"
        >
          <h1>
            Iberostar Grand Salome
          </h1>
          <h2
            class="h2_1tkgvlr"
          >
            Costa Adeje, Tenerife
          </h2>
          <div>
            <i
              class="starIcon_17x7h34 fas fa-star"
            />
            <i
              class="starIcon_17x7h34 fas fa-star"
            />
            <i
              class="starIcon_17x7h34 fas fa-star"
            />
            <i
              class="starIcon_17x7h34 fas fa-star"
            />
          </div>
          <ul
            class="ul_tx6wom"
          >
            <li>
              <span>
                <strong>
                  2
                </strong>
                 adults & 
                <strong>
                  1
                </strong>
                 infant
              </span>
            </li>
            <li>
              <strong>
                3rd July 2019
              </strong>
               for 
              <strong>
                7 days
              </strong>
            </li>
            <li>
              departing from 
              <strong>
                East Midlands
              </strong>
            </li>
          </ul>
          <button
            class="callToAction_55n7hg"
          >
            <span
              class="actionText_131r5dh"
            >
              Book now
            </span>
            <span
              class="actionAmount_qtg89e"
            >
              £3,136.50
            </span>
          </button>
        </div>
        <button
          class="readMore_j9y440"
          id="btn-read-more"
        >
          <strong>
            Read more
          </strong>
           about this hotel  
          <i
            class="fas fa-angle-right"
          />
        </button>
      </div>
      <div
        class="readMoreContent_1aeiymr-o_O-isHidden_iq1cgs"
      >
        <h3
          class="h3_1ns9ks7"
        >
          Overview
        </h3>
        <p
          class="p_fhs6vg"
        >
          Lorem Ipsum is simply dummy text of the printing and typesetting industry. Lorem Ipsum has been the industry's standard dummy text ever since the 1500s, when an unknown printer took a galley of type and scrambled it to make a type specimen book. It has survived not only five centuries, but also the leap into electronic typesetting, remaining essentially unchanged. It was popularised in the 1960s with the release of Letraset sheets containing Lorem Ipsum passages, and more recently with desktop publishing software like Aldus PageMaker including versions of Lorem Ipsum.
        </p>
      </div>
    </section>
    <section>
      <div
        class="card_pmicl5"
      >
        <img
          alt="Image of the hotel"
          class="img_bm229d"
          src="http://localhost:9999/hotel-image-1.png"
        />
        <div
          class="contentContainer_1ydb5eu"
        >
          <h1>
            Really Fancy Hotel
          </h1>
          <h2
            class="h2_1tkgvlr"
          >
            Costa Adeje, Tenerife
          </h2>
          <div>
            <i
              class="starIcon_17x7h34 fas fa-star"
            />
            <i
              class="starIcon_17x7h34 fas fa-star"
            />
            <i
              class="starIcon_17x7h34 fas fa-star"
            />
            <i
              class="starIcon_17x7h34 fas fa-star"
            />
            <i
              class="starIcon_17x7h34 fas fa-star"
            />
          </div>
          <ul
            class="ul_tx6wom"
          >
            <li>
              <span>
                <strong>
                  2
                </strong>
                 adults
              </span>
            </li>
            <li>
              <strong>
                3rd July 2019
              </strong>
               for 
              <strong>
                7 days
              </strong>
            </li>
            <li>
              departing from 
              <strong>
                East Midlands
              </strong>
            </li>
          </ul>
          <button
            class="callToAction_55n7hg"
          >
            <span
              class="actionText_131r5dh"
            >
              Book now
            </span>
            <span
              class="actionAmount_qtg89e"
            >
              £2,136.50
            </span>
          </button>
        </div>
        <button
          class="readMore_j9y440"
          id="btn-read-more"
        >
          <strong>
            Read more
          </strong>
           about this hotel  
          <i
            class="fas fa-angle-right"
          />
        </button>
      </div>
      <div
        class="readMoreContent_1aeiymr-o_O-isHidden_iq1cgs"
      >
        <h3
          class="h3_1ns9ks7"
        >
          Overview
        </h3>
        <p
          class="p_fhs6vg"
        >
          Lorem Ipsum is simply dummy text of the printing and typesetting industry. Lorem Ipsum has been the industry's standard dummy text ever since the 1500s, when an unknown printer took a galley of type and scrambled it to make a type specimen book. It has survived not only five centuries, but also the leap into electronic typesetting, remaining essentially unchanged. It was popularised in the 1960s with the release of Letraset sheets containing Lorem Ipsum passages, and more recently with desktop publishing software like Aldus PageMaker including versions of Lorem Ipsum.
        </p>
      </div>
    </section>
    <section>
      <div
        class="card_pmicl5"
      >
        <img
          alt="Image of the hotel"
          class="img_bm229d"
          src="http://localhost:9999/hotel-image-1.png"
        />
        <div
          class="contentContainer_1ydb5eu"
        >
          <h1>
            Really Fancy Hotel v2
          </h1>
          <h2
            class="h2_1tkgvlr"
          >
            Costa Adeje, Tenerife
          </h2>
          <div>
            <i
              class="starIcon_17x7h34 fas fa-star"
            />
            <i
              class="starIcon_17x7h34 fas fa-star"
            />
            <i
              class="starIcon_17x7h34 fas fa-star"
            />
            <i
              class="starIcon_17x7h34 fas fa-star"
            />
            <i
              class="starIcon_17x7h34 fas fa-star"
            />
          </div>
          <ul
            class="ul_tx6wom"
          >
            <li>
              <span>
                <strong>
                  2
                </strong>
                 adults
              </span>
            </li>
            <li>
              <strong>
                3rd July 2019
              </strong>
               for 
              <strong>
                7 days
              </strong>
            </li>
            <li>
              departing from 
              <strong>
                East Midlands
              </strong>
            </li>
          </ul>
          <button
            class="callToAction_55n7hg"
          >
            <span
              class="actionText_131r5dh"
            >
              Book now
            </span>
            <span
              class="actionAmount_qtg89e"
            >
              £2,136.50
            </span>
          </button>
        </div>
        <button
          class="readMore_j9y440"
          id="btn-read-more"
        >
          <strong>
            Read more
          </strong>
           about this hotel  
          <i
            class="fas fa-angle-right"
          />
        </button>
      </div>
      <div
        class="readMoreContent_1aeiymr-o_O-isHidden_iq1cgs"
      >
        <h3
          class="h3_1ns9ks7"
        >
          Overview
        </h3>
        <p
          class="p_fhs6vg"
        >
          Lorem Ipsum is simply dummy text of the printing and typesetting industry. Lorem Ipsum has been the industry's standard dummy text ever since the 1500s, when an unknown printer took a galley of type and scrambled it to make a type specimen book. It has survived not only five centuries, but also the leap into electronic typesetting, remaining essentially unchanged. It was popularised in the 1960s with the release of Letraset sheets containing Lorem Ipsum passages, and more recently with desktop publishing software like Aldus PageMaker including versions of Lorem Ipsum.
        </p>
      </div>
    </section>
    <section>
      <div
        class="card_pmicl5"
      >
        <img
          alt="Image of the hotel"
          class="img_bm229d"
          src="http://localhost:9999/hotel-image-3.png"
        />
        <div
          class="contentContainer_1ydb5eu"
        >
          <h1>
            Swank-ville
          </h1>
          <h2
            class="h2_1tkgvlr"
          >
            Costa Adeje, Tenerife
          </h2>
          <div>
            <i
              class="starIcon_17x7h34 fas fa-star"
            />
            <i
              class="starIcon_17x7h34 fas fa-star"
            />
            <i
              class="starIcon_17x7h34 fas fa-star"
            />
            <i
              class="starIcon_17x7h34 fas fa-star"
            />
          </div>
          <ul
            class="ul_tx6wom"
          >
            <li>
              <span>
                <strong>
                  1
                </strong>
                 adult
              </span>
            </li>
            <li>
              <strong>
                3rd July 2019
              </strong>
               for 
              <strong>
                7 days
              </strong>
            </li>
            <li>
              departing from 
              <strong>
                East Midlands
              </strong>
            </li>
          </ul>
          <button
            class="callToAction_55n7hg"
          >
            <span
              class="actionText_131r5dh"
            >
              Book now
            </span>
            <span
              class="actionAmount_qtg89e"
            >
              £5,136.50
            </span>
          </button>
        </div>
        <button
          class="readMore_j9y440"
          id="btn-read-more"
        >
          <strong>
            Read more
          </strong>
           about this hotel  
          <i
            class="fas fa-angle-right"
          />
        </button>
      </div>
      <div
        class="readMoreContent_1aeiymr-o_O-isHidden_iq1cgs"
      >
        <h3
          class="h3_1ns9ks7"
        >
          Overview
        </h3>
        <p
          class="p_fhs6vg"
        >
          Lorem Ipsum is simply dummy text of the printing and typesetting industry. Lorem Ipsum has been the industry's standard dummy text ever since the 1500s, when an unknown printer took a galley of type and scrambled it to make a type specimen book. It has survived not only five centuries, but also the leap into electronic typesetting, remaining essentially unchanged. It was popularised in the 1960s with the release of Letraset sheets containing Lorem Ipsum passages, and more recently with desktop publishing software like Aldus PageMaker including versions of Lorem Ipsum.
        </p>
      </div>
    </section>
    <section>
      <div
        class="card_pmicl5"
      >
        <img
          alt="Image of the hotel"
          class="img_bm229d"
          src="http://localhost:9999/hotel-image-2.png"
        />
        <div
          class="contentContainer_1ydb5eu"
        >
          <h1>
            Wow - so fancy
          </h1>
          <h2
            class="h2_1tkgvlr"
          >
            Costa Adeje, Tenerife
          </h2>
          <div>
            <i
              class="starIcon_17x7h34 fas fa-star"
            />
            <i
              class="starIcon_17x7h34 fas fa-star"
            />
          </div>
          <ul
            class="ul_tx6wom"
          >
            <li>
              <span>
                <strong>
                  2
                </strong>
                 adults & 
                <strong>
                  1
                </strong>
                 child
              </span>
            </li>
            <li>
              <strong>
                3rd July 2019
              </strong>
               for 
              <strong>
                7 days
              </strong>
            </li>
            <li>
              departing from 
              <strong>
                East Midlands
              </strong>
            </li>
          </ul>
          <button
            class="callToAction_55n7hg"
          >
            <span
              class="actionText_131r5dh"
            >
              Book now
            </span>
            <span
              class="actionAmount_qtg89e"
            >
              £1,136.50
            </span>
          </button>
        </div>
        <button
          class="readMore_j9y440"
          id="btn-read-more"
        >
          <strong>
            Read more
          </strong>
           about this hotel  
          <i
            class="fas fa-angle-right"
          />
        </button>
      </div>
      <div
        class="readMoreContent_1aeiymr-o_O-isHidden_iq1cgs"
      >
        <h3
          class="h3_1ns9ks7"
        >
          Overview
        </h3>
        <p
          class="p_fhs6vg"
        >
          Lorem Ipsum is simply dummy text of the printing and typesetting industry. Lorem Ipsum has been the industry's standard dummy text ever since the 1500s, when an unknown printer took a galley of type and scrambled it to make a type specimen book. It has survived not only five centuries, but also the leap into electronic typesetting, remaining essentially unchanged. It was popularised in the 1960s with the release of Letraset sheets containing Lorem Ipsum passages, and more recently with desktop publishing software like Aldus PageMaker including versions of Lorem Ipsum.
        </p>
      </div>
    </section>
  </article>
</div>
`;
