// Jest Snapshot v1, https://goo.gl/fbAQLP

exports[`Sidebar it should render with sorts: default 1`] = `
<aside>
  <div
    class="buttonContainer_15ic8la"
  >
    <button
      class="button_uw9t0c-o_O-firstButton_4ebdec"
    >
      Sort 
      <strong>
        alphabetically
      </strong>
       
      <i
        class="float-right fas fa-sort-alpha-down"
      />
    </button>
    <button
      class="button_uw9t0c"
    >
      Sort 
      <strong>
        by price
      </strong>
       
      <i
        class="float-right fas fa-pound-sign"
      />
    </button>
    <button
      class="button_uw9t0c-o_O-isActive_1a0itbg"
    >
      Sort 
      <strong>
        by star rating
      </strong>
       
      <i
        class="float-right fas fa-star"
      />
    </button>
  </div>
</aside>
`;

exports[`Sidebar it should render without sorts: default 1`] = `
<aside>
  <div
    class="buttonContainer_15ic8la"
  />
</aside>
`;
