// Jest Snapshot v1, https://goo.gl/fbAQLP

exports[`Sidebar it should render with sorts: default 1`] = `
.buttonContainer {
  min-width: 200px !important;
  max-width: 200px !important;
  margin: 2rem 5rem !important;
}

.button-firstButton {
  text-transform: lowercase !important;
  text-align: left !important;
  -webkit-appearance: none !important;
  -moz-appearance: none !important;
  appearance: none !important;
  text-decoration: none !important;
  cursor: pointer !important;
  border: none !important;
  height: 3rem !important;
  min-width: 100% !important;
  color: rgb(21, 47, 132) !important;
  background-color: whitesmoke !important;
  padding: 0.5rem 1rem 0.5rem 1rem !important;
  line-height: 1rem !important;
  font-size: small !important;
  border-top: none !important;
}

.button-firstButton:hover {
  background-color: rgb(255, 220, 0) !important;
  color: rgb(21, 47, 132) !important;
}

.button {
  text-transform: lowercase !important;
  text-align: left !important;
  -webkit-appearance: none !important;
  -moz-appearance: none !important;
  appearance: none !important;
  text-decoration: none !important;
  cursor: pointer !important;
  border: none !important;
  height: 3rem !important;
  min-width: 100% !important;
  color: rgb(21, 47, 132) !important;
  background-color: whitesmoke !important;
  border-top: 1px solid rgb(21, 47, 132) !important;
  padding: 0.5rem 1rem 0.5rem 1rem !important;
  line-height: 1rem !important;
  font-size: small !important;
}

.button:hover {
  background-color: rgb(255, 220, 0) !important;
  color: rgb(21, 47, 132) !important;
}

.button-o_O-isActive_zojkvj {
  text-transform: lowercase !important;
  text-align: left !important;
  -webkit-appearance: none !important;
  -moz-appearance: none !important;
  appearance: none !important;
  text-decoration: none !important;
  cursor: pointer !important;
  border: none !important;
  height: 3rem !important;
  min-width: 100% !important;
  border-top: 1px solid rgb(21, 47, 132) !important;
  padding: 0.5rem 1rem 0.5rem 1rem !important;
  line-height: 1rem !important;
  font-size: small !important;
  background-color: rgb(21, 47, 132) !important;
  color: whitesmoke !important;
}

.button-o_O-isActive_zojkvj:hover {
  background-color: rgb(21, 47, 132) !important;
  color: whitesmoke !important;
}

<aside>
  <div
    class="buttonContainer"
  >
    <button
      class="button-firstButton"
      name="btn-sort-0"
    >
      Sort 
      <strong>
        alphabetically
      </strong>
       
      <i
        class="float-right fas fa-sort-alpha-down"
      />
    </button>
    <button
      class="button"
      name="btn-sort-1"
    >
      Sort 
      <strong>
        by price
      </strong>
       
      <i
        class="float-right fas fa-pound-sign"
      />
    </button>
    <button
      class="button-o_O-isActive_zojkvj"
      name="btn-sort-2"
    >
      Sort 
      <strong>
        by star rating
      </strong>
       
      <i
        class="float-right fas fa-star"
      />
    </button>
  </div>
</aside>
`;

exports[`Sidebar it should render without sorts: default 1`] = `
.buttonContainer {
  min-width: 200px !important;
  max-width: 200px !important;
  margin: 2rem 5rem !important;
}

<aside>
  <div
    class="buttonContainer"
  />
</aside>
`;
